Analysis & Synthesis report for VGA
Wed Dec 03 14:51:40 2014
Quartus II 64-Bit Version 13.1.0 Build 162 10/23/2013 SJ Web Edition


---------------------
; Table of Contents ;
---------------------
  1. Legal Notice
  2. Analysis & Synthesis Summary
  3. Analysis & Synthesis Settings
  4. Parallel Compilation
  5. Analysis & Synthesis Source Files Read
  6. Analysis & Synthesis Resource Usage Summary
  7. Analysis & Synthesis Resource Utilization by Entity
  8. State Machine - |playGame|fsm:fsmMod|presentState
  9. Registers Removed During Synthesis
 10. Removed Registers Triggering Further Register Optimizations
 11. General Register Statistics
 12. Inverted Register Statistics
 13. Multiplexer Restructuring Statistics (Restructuring Performed)
 14. Parameter Settings for User Entity Instance: arrowKeys:arrowMod
 15. Parameter Settings for User Entity Instance: draw:drawMod
 16. Parameter Settings for User Entity Instance: ssegment:segMod1
 17. Parameter Settings for User Entity Instance: ssegment:segMod2
 18. Parameter Settings for User Entity Instance: ssegment:segMod3
 19. Port Connectivity Checks: "ssegment:segMod3"
 20. Port Connectivity Checks: "ssegment:segMod2"
 21. Port Connectivity Checks: "draw:drawMod|dualPortMem:dpm"
 22. Port Connectivity Checks: "draw:drawMod|circle:circle_1"
 23. Port Connectivity Checks: "draw:drawMod"
 24. Port Connectivity Checks: "compareCards:compMod|mem64:mr64"
 25. Port Connectivity Checks: "compareCards:compMod"
 26. Port Connectivity Checks: "arrowKeys:arrowMod"
 27. Elapsed Time Per Partition
 28. Analysis & Synthesis Messages



----------------
; Legal Notice ;
----------------
Copyright (C) 1991-2013 Altera Corporation
Your use of Altera Corporation's design tools, logic functions 
and other software and tools, and its AMPP partner logic 
functions, and any output files from any of the foregoing 
(including device programming or simulation files), and any 
associated documentation or information are expressly subject 
to the terms and conditions of the Altera Program License 
Subscription Agreement, Altera MegaCore Function License 
Agreement, or other applicable license agreement, including, 
without limitation, that your use is for the sole purpose of 
programming logic devices manufactured by Altera and sold by 
Altera or its authorized distributors.  Please refer to the 
applicable agreement for further details.



+---------------------------------------------------------------------------------+
; Analysis & Synthesis Summary                                                    ;
+------------------------------------+--------------------------------------------+
; Analysis & Synthesis Status        ; Successful - Wed Dec 03 14:51:40 2014      ;
; Quartus II 64-Bit Version          ; 13.1.0 Build 162 10/23/2013 SJ Web Edition ;
; Revision Name                      ; VGA                                        ;
; Top-level Entity Name              ; playGame                                   ;
; Family                             ; Cyclone IV E                               ;
; Total logic elements               ; 194                                        ;
;     Total combinational functions  ; 168                                        ;
;     Dedicated logic registers      ; 83                                         ;
; Total registers                    ; 83                                         ;
; Total pins                         ; 51                                         ;
; Total virtual pins                 ; 0                                          ;
; Total memory bits                  ; 0                                          ;
; Embedded Multiplier 9-bit elements ; 0                                          ;
; Total PLLs                         ; 0                                          ;
+------------------------------------+--------------------------------------------+


+----------------------------------------------------------------------------------------------------------------------+
; Analysis & Synthesis Settings                                                                                        ;
+----------------------------------------------------------------------------+--------------------+--------------------+
; Option                                                                     ; Setting            ; Default Value      ;
+----------------------------------------------------------------------------+--------------------+--------------------+
; Device                                                                     ; EP4CE30F29C7       ;                    ;
; Top-level entity name                                                      ; playGame           ; VGA                ;
; Family name                                                                ; Cyclone IV E       ; Cyclone IV GX      ;
; Use smart compilation                                                      ; Off                ; Off                ;
; Enable parallel Assembler and TimeQuest Timing Analyzer during compilation ; On                 ; On                 ;
; Enable compact report table                                                ; Off                ; Off                ;
; Restructure Multiplexers                                                   ; Auto               ; Auto               ;
; Create Debugging Nodes for IP Cores                                        ; Off                ; Off                ;
; Preserve fewer node names                                                  ; On                 ; On                 ;
; Disable OpenCore Plus hardware evaluation                                  ; Off                ; Off                ;
; Verilog Version                                                            ; Verilog_2001       ; Verilog_2001       ;
; VHDL Version                                                               ; VHDL_1993          ; VHDL_1993          ;
; State Machine Processing                                                   ; Auto               ; Auto               ;
; Safe State Machine                                                         ; Off                ; Off                ;
; Extract Verilog State Machines                                             ; On                 ; On                 ;
; Extract VHDL State Machines                                                ; On                 ; On                 ;
; Ignore Verilog initial constructs                                          ; Off                ; Off                ;
; Iteration limit for constant Verilog loops                                 ; 5000               ; 5000               ;
; Iteration limit for non-constant Verilog loops                             ; 250                ; 250                ;
; Add Pass-Through Logic to Inferred RAMs                                    ; On                 ; On                 ;
; Infer RAMs from Raw Logic                                                  ; On                 ; On                 ;
; Parallel Synthesis                                                         ; On                 ; On                 ;
; DSP Block Balancing                                                        ; Auto               ; Auto               ;
; NOT Gate Push-Back                                                         ; On                 ; On                 ;
; Power-Up Don't Care                                                        ; On                 ; On                 ;
; Remove Redundant Logic Cells                                               ; Off                ; Off                ;
; Remove Duplicate Registers                                                 ; On                 ; On                 ;
; Ignore CARRY Buffers                                                       ; Off                ; Off                ;
; Ignore CASCADE Buffers                                                     ; Off                ; Off                ;
; Ignore GLOBAL Buffers                                                      ; Off                ; Off                ;
; Ignore ROW GLOBAL Buffers                                                  ; Off                ; Off                ;
; Ignore LCELL Buffers                                                       ; Off                ; Off                ;
; Ignore SOFT Buffers                                                        ; On                 ; On                 ;
; Limit AHDL Integers to 32 Bits                                             ; Off                ; Off                ;
; Optimization Technique                                                     ; Balanced           ; Balanced           ;
; Carry Chain Length                                                         ; 70                 ; 70                 ;
; Auto Carry Chains                                                          ; On                 ; On                 ;
; Auto Open-Drain Pins                                                       ; On                 ; On                 ;
; Perform WYSIWYG Primitive Resynthesis                                      ; Off                ; Off                ;
; Auto ROM Replacement                                                       ; On                 ; On                 ;
; Auto RAM Replacement                                                       ; On                 ; On                 ;
; Auto DSP Block Replacement                                                 ; On                 ; On                 ;
; Auto Shift Register Replacement                                            ; Auto               ; Auto               ;
; Allow Shift Register Merging across Hierarchies                            ; Auto               ; Auto               ;
; Auto Clock Enable Replacement                                              ; On                 ; On                 ;
; Strict RAM Replacement                                                     ; Off                ; Off                ;
; Allow Synchronous Control Signals                                          ; On                 ; On                 ;
; Force Use of Synchronous Clear Signals                                     ; Off                ; Off                ;
; Auto RAM Block Balancing                                                   ; On                 ; On                 ;
; Auto RAM to Logic Cell Conversion                                          ; Off                ; Off                ;
; Auto Resource Sharing                                                      ; Off                ; Off                ;
; Allow Any RAM Size For Recognition                                         ; Off                ; Off                ;
; Allow Any ROM Size For Recognition                                         ; Off                ; Off                ;
; Allow Any Shift Register Size For Recognition                              ; Off                ; Off                ;
; Use LogicLock Constraints during Resource Balancing                        ; On                 ; On                 ;
; Ignore translate_off and synthesis_off directives                          ; Off                ; Off                ;
; Timing-Driven Synthesis                                                    ; On                 ; On                 ;
; Report Parameter Settings                                                  ; On                 ; On                 ;
; Report Source Assignments                                                  ; On                 ; On                 ;
; Report Connectivity Checks                                                 ; On                 ; On                 ;
; Ignore Maximum Fan-Out Assignments                                         ; Off                ; Off                ;
; Synchronization Register Chain Length                                      ; 2                  ; 2                  ;
; PowerPlay Power Optimization                                               ; Normal compilation ; Normal compilation ;
; HDL message level                                                          ; Level2             ; Level2             ;
; Suppress Register Optimization Related Messages                            ; Off                ; Off                ;
; Number of Removed Registers Reported in Synthesis Report                   ; 5000               ; 5000               ;
; Number of Swept Nodes Reported in Synthesis Report                         ; 5000               ; 5000               ;
; Number of Inverted Registers Reported in Synthesis Report                  ; 100                ; 100                ;
; Clock MUX Protection                                                       ; On                 ; On                 ;
; Auto Gated Clock Conversion                                                ; Off                ; Off                ;
; Block Design Naming                                                        ; Auto               ; Auto               ;
; SDC constraint protection                                                  ; Off                ; Off                ;
; Synthesis Effort                                                           ; Auto               ; Auto               ;
; Shift Register Replacement - Allow Asynchronous Clear Signal               ; On                 ; On                 ;
; Pre-Mapping Resynthesis Optimization                                       ; Off                ; Off                ;
; Analysis & Synthesis Message Level                                         ; Medium             ; Medium             ;
; Disable Register Merging Across Hierarchies                                ; Auto               ; Auto               ;
; Resource Aware Inference For Block RAM                                     ; On                 ; On                 ;
; Synthesis Seed                                                             ; 1                  ; 1                  ;
+----------------------------------------------------------------------------+--------------------+--------------------+


+------------------------------------------+
; Parallel Compilation                     ;
+----------------------------+-------------+
; Processors                 ; Number      ;
+----------------------------+-------------+
; Number detected on machine ; 8           ;
; Maximum allowed            ; 4           ;
;                            ;             ;
; Average used               ; 1.00        ;
; Maximum used               ; 1           ;
;                            ;             ;
; Usage by Processor         ; % Time Used ;
;     Processor 1            ; 100.0%      ;
;     Processors 2-8         ;   0.0%      ;
+----------------------------+-------------+


+-------------------------------------------------------------------------------------------------------------------------------------------------------------------------------------------------+
; Analysis & Synthesis Source Files Read                                                                                                                                                          ;
+----------------------------------+-----------------+------------------------------------+---------------------------------------------------------------------------------------------+---------+
; File Name with User-Entered Path ; Used in Netlist ; File Type                          ; File Name with Absolute Path                                                                ; Library ;
+----------------------------------+-----------------+------------------------------------+---------------------------------------------------------------------------------------------+---------+
; arrowKeys.sv                     ; yes             ; User SystemVerilog HDL File        ; C:/Users/joey/Desktop/174Project/ECPE-174-Group-Project/VGA files/Proj File/arrowKeys.sv    ;         ;
; draw.sv                          ; yes             ; User SystemVerilog HDL File        ; C:/Users/joey/Desktop/174Project/ECPE-174-Group-Project/VGA files/Proj File/draw.sv         ;         ;
; mem64.sv                         ; yes             ; User SystemVerilog HDL File        ; C:/Users/joey/Desktop/174Project/ECPE-174-Group-Project/VGA files/Proj File/mem64.sv        ;         ;
; compareCards.sv                  ; yes             ; User SystemVerilog HDL File        ; C:/Users/joey/Desktop/174Project/ECPE-174-Group-Project/VGA files/Proj File/compareCards.sv ;         ;
; playGame.sv                      ; yes             ; User SystemVerilog HDL File        ; C:/Users/joey/Desktop/174Project/ECPE-174-Group-Project/VGA files/Proj File/playGame.sv     ;         ;
; synch.v                          ; yes             ; User Verilog HDL File              ; C:/Users/joey/Desktop/174Project/ECPE-174-Group-Project/VGA files/Proj File/synch.v         ;         ;
; ssegment.v                       ; yes             ; User Verilog HDL File              ; C:/Users/joey/Desktop/174Project/ECPE-174-Group-Project/VGA files/Proj File/ssegment.v      ;         ;
; puzzle1.txt                      ; yes             ; Auto-Found File                    ; C:/Users/joey/Desktop/174Project/ECPE-174-Group-Project/VGA files/Proj File/puzzle1.txt     ;         ;
; fsm.sv                           ; yes             ; Auto-Found SystemVerilog HDL File  ; C:/Users/joey/Desktop/174Project/ECPE-174-Group-Project/VGA files/Proj File/fsm.sv          ;         ;
; circle.sv                        ; yes             ; Auto-Found SystemVerilog HDL File  ; C:/Users/joey/Desktop/174Project/ECPE-174-Group-Project/VGA files/Proj File/circle.sv       ;         ;
; circles.txt                      ; yes             ; Auto-Found File                    ; C:/Users/joey/Desktop/174Project/ECPE-174-Group-Project/VGA files/Proj File/circles.txt     ;         ;
; dualportmem.sv                   ; yes             ; Auto-Found SystemVerilog HDL File  ; C:/Users/joey/Desktop/174Project/ECPE-174-Group-Project/VGA files/Proj File/dualportmem.sv  ;         ;
; box.txt                          ; yes             ; Auto-Found File                    ; C:/Users/joey/Desktop/174Project/ECPE-174-Group-Project/VGA files/Proj File/box.txt         ;         ;
+----------------------------------+-----------------+------------------------------------+---------------------------------------------------------------------------------------------+---------+


+-----------------------------------------------------------+
; Analysis & Synthesis Resource Usage Summary               ;
+---------------------------------------------+-------------+
; Resource                                    ; Usage       ;
+---------------------------------------------+-------------+
; Estimated Total logic elements              ; 194         ;
;                                             ;             ;
; Total combinational functions               ; 168         ;
; Logic element usage by number of LUT inputs ;             ;
;     -- 4 input functions                    ; 93          ;
;     -- 3 input functions                    ; 13          ;
;     -- <=2 input functions                  ; 62          ;
;                                             ;             ;
; Logic elements by mode                      ;             ;
;     -- normal mode                          ; 120         ;
;     -- arithmetic mode                      ; 48          ;
;                                             ;             ;
; Total registers                             ; 83          ;
;     -- Dedicated logic registers            ; 83          ;
;     -- I/O registers                        ; 0           ;
;                                             ;             ;
; I/O pins                                    ; 51          ;
; Embedded Multiplier 9-bit elements          ; 0           ;
; Maximum fan-out node                        ; clock~input ;
; Maximum fan-out                             ; 83          ;
; Total fan-out                               ; 811         ;
; Average fan-out                             ; 2.30        ;
+---------------------------------------------+-------------+


+---------------------------------------------------------------------------------------------------------------------------------------------------------------------------------------------------+
; Analysis & Synthesis Resource Utilization by Entity                                                                                                                                               ;
+----------------------------+-------------------+--------------+-------------+--------------+---------+-----------+------+--------------+-------------------------------------------+--------------+
; Compilation Hierarchy Node ; LC Combinationals ; LC Registers ; Memory Bits ; DSP Elements ; DSP 9x9 ; DSP 18x18 ; Pins ; Virtual Pins ; Full Hierarchy Name                       ; Library Name ;
+----------------------------+-------------------+--------------+-------------+--------------+---------+-----------+------+--------------+-------------------------------------------+--------------+
; |playGame                  ; 168 (0)           ; 83 (0)       ; 0           ; 0            ; 0       ; 0         ; 51   ; 0            ; |playGame                                 ; work         ;
;    |arrowKeys:arrowMod|    ; 56 (56)           ; 14 (14)      ; 0           ; 0            ; 0       ; 0         ; 0    ; 0            ; |playGame|arrowKeys:arrowMod              ; work         ;
;    |compareCards:compMod|  ; 81 (61)           ; 62 (57)      ; 0           ; 0            ; 0       ; 0         ; 0    ; 0            ; |playGame|compareCards:compMod            ; work         ;
;       |mem64:mr64|         ; 20 (20)           ; 5 (5)        ; 0           ; 0            ; 0       ; 0         ; 0    ; 0            ; |playGame|compareCards:compMod|mem64:mr64 ; work         ;
;    |fsm:fsmMod|            ; 4 (4)             ; 4 (4)        ; 0           ; 0            ; 0       ; 0         ; 0    ; 0            ; |playGame|fsm:fsmMod                      ; work         ;
;    |ssegment:segMod1|      ; 24 (24)           ; 0 (0)        ; 0           ; 0            ; 0       ; 0         ; 0    ; 0            ; |playGame|ssegment:segMod1                ; work         ;
;    |synch:syncMod|         ; 3 (3)             ; 3 (3)        ; 0           ; 0            ; 0       ; 0         ; 0    ; 0            ; |playGame|synch:syncMod                   ; work         ;
+----------------------------+-------------------+--------------+-------------+--------------+---------+-----------+------+--------------+-------------------------------------------+--------------+
Note: For table entries with two numbers listed, the numbers in parentheses indicate the number of resources of the given type used by the specific entity alone. The numbers listed outside of parentheses indicate the total resources of the given type used by the specific entity and all of its sub-entities in the hierarchy.


Encoding Type:  One-Hot
+--------------------------------------------------------------------------------------------------------------+
; State Machine - |playGame|fsm:fsmMod|presentState                                                            ;
+-----------------------+-----------------------+----------------------+-------------------+-------------------+
; Name                  ; presentState.gameover ; presentState.rungame ; presentState.menu ; presentState.idle ;
+-----------------------+-----------------------+----------------------+-------------------+-------------------+
; presentState.idle     ; 0                     ; 0                    ; 0                 ; 0                 ;
; presentState.menu     ; 0                     ; 0                    ; 1                 ; 1                 ;
; presentState.rungame  ; 0                     ; 1                    ; 0                 ; 1                 ;
; presentState.gameover ; 1                     ; 0                    ; 0                 ; 1                 ;
+-----------------------+-----------------------+----------------------+-------------------+-------------------+


+--------------------------------------------------------------------------------------------+
; Registers Removed During Synthesis                                                         ;
+----------------------------------------------+---------------------------------------------+
; Register name                                ; Reason for Removal                          ;
+----------------------------------------------+---------------------------------------------+
; draw:drawMod|dualPortMem:dpm|dataOut_B[0..2] ; Stuck at GND due to stuck port clock_enable ;
; draw:drawMod|circle:circle_1|dataOut[0..2]   ; Lost fanout                                 ;
; draw:drawMod|dpm_addr_A[0..16]               ; Lost fanout                                 ;
; fsm:fsmMod|presentState~2                    ; Lost fanout                                 ;
; fsm:fsmMod|presentState~3                    ; Lost fanout                                 ;
; fsm:fsmMod|presentState~4                    ; Lost fanout                                 ;
; Total Number of Removed Registers = 26       ;                                             ;
+----------------------------------------------+---------------------------------------------+


+----------------------------------------------------------------------------------------------------------------------------------------------------------------+
; Removed Registers Triggering Further Register Optimizations                                                                                                    ;
+-------------------------------------------+--------------------------------+-----------------------------------------------------------------------------------+
; Register name                             ; Reason for Removal             ; Registers Removed due to This Register                                            ;
+-------------------------------------------+--------------------------------+-----------------------------------------------------------------------------------+
; draw:drawMod|dualPortMem:dpm|dataOut_B[0] ; Stuck at GND                   ; draw:drawMod|circle:circle_1|dataOut[0], draw:drawMod|circle:circle_1|dataOut[1], ;
;                                           ; due to stuck port clock_enable ; draw:drawMod|circle:circle_1|dataOut[2], draw:drawMod|dpm_addr_A[0]               ;
+-------------------------------------------+--------------------------------+-----------------------------------------------------------------------------------+


+------------------------------------------------------+
; General Register Statistics                          ;
+----------------------------------------------+-------+
; Statistic                                    ; Value ;
+----------------------------------------------+-------+
; Total registers                              ; 83    ;
; Number of registers using Synchronous Clear  ; 0     ;
; Number of registers using Synchronous Load   ; 0     ;
; Number of registers using Asynchronous Clear ; 0     ;
; Number of registers using Asynchronous Load  ; 0     ;
; Number of registers using Clock Enable       ; 53    ;
; Number of registers using Preset             ; 0     ;
+----------------------------------------------+-------+


+--------------------------------------------------+
; Inverted Register Statistics                     ;
+----------------------------------------+---------+
; Inverted Register                      ; Fan out ;
+----------------------------------------+---------+
; synch:syncMod|int_a                    ; 1       ;
; compareCards:compMod|foundPair         ; 2       ;
; Total number of inverted registers = 2 ;         ;
+----------------------------------------+---------+


+------------------------------------------------------------------------------------------------------------------------------------------------------+
; Multiplexer Restructuring Statistics (Restructuring Performed)                                                                                       ;
+--------------------+-----------+---------------+----------------------+------------------------+------------+----------------------------------------+
; Multiplexer Inputs ; Bus Width ; Baseline Area ; Area if Restructured ; Saving if Restructured ; Registered ; Example Multiplexer Output             ;
+--------------------+-----------+---------------+----------------------+------------------------+------------+----------------------------------------+
; 21:1               ; 5 bits    ; 70 LEs        ; 20 LEs               ; 50 LEs                 ; No         ; |playGame|arrowKeys:arrowMod|mem6x6[5] ;
+--------------------+-----------+---------------+----------------------+------------------------+------------+----------------------------------------+


+-----------------------------------------------------------------+
; Parameter Settings for User Entity Instance: arrowKeys:arrowMod ;
+----------------+-------+----------------------------------------+
; Parameter Name ; Value ; Type                                   ;
+----------------+-------+----------------------------------------+
; MAXCOL         ; 6     ; Signed Integer                         ;
+----------------+-------+----------------------------------------+
Note: In order to hide this table in the UI and the text report file, please set the "Show Parameter Settings in Synthesis Report" option in "Analysis and Synthesis Settings -> More Settings" to "Off".


+-----------------------------------------------------------+
; Parameter Settings for User Entity Instance: draw:drawMod ;
+----------------+-------+----------------------------------+
; Parameter Name ; Value ; Type                             ;
+----------------+-------+----------------------------------+
; MAX_COL        ; 256   ; Signed Integer                   ;
+----------------+-------+----------------------------------+
Note: In order to hide this table in the UI and the text report file, please set the "Show Parameter Settings in Synthesis Report" option in "Analysis and Synthesis Settings -> More Settings" to "Off".


+---------------------------------------------------------------+
; Parameter Settings for User Entity Instance: ssegment:segMod1 ;
+----------------+---------+------------------------------------+
; Parameter Name ; Value   ; Type                               ;
+----------------+---------+------------------------------------+
; s0             ; 0000001 ; Unsigned Binary                    ;
; s1             ; 1001111 ; Unsigned Binary                    ;
; s2             ; 0010010 ; Unsigned Binary                    ;
; s3             ; 0000110 ; Unsigned Binary                    ;
; s4             ; 1001100 ; Unsigned Binary                    ;
; s5             ; 0100100 ; Unsigned Binary                    ;
; s6             ; 0100000 ; Unsigned Binary                    ;
; s7             ; 0001111 ; Unsigned Binary                    ;
; s8             ; 0000000 ; Unsigned Binary                    ;
; s9             ; 0000100 ; Unsigned Binary                    ;
+----------------+---------+------------------------------------+
Note: In order to hide this table in the UI and the text report file, please set the "Show Parameter Settings in Synthesis Report" option in "Analysis and Synthesis Settings -> More Settings" to "Off".


+---------------------------------------------------------------+
; Parameter Settings for User Entity Instance: ssegment:segMod2 ;
+----------------+---------+------------------------------------+
; Parameter Name ; Value   ; Type                               ;
+----------------+---------+------------------------------------+
; s0             ; 0000001 ; Unsigned Binary                    ;
; s1             ; 1001111 ; Unsigned Binary                    ;
; s2             ; 0010010 ; Unsigned Binary                    ;
; s3             ; 0000110 ; Unsigned Binary                    ;
; s4             ; 1001100 ; Unsigned Binary                    ;
; s5             ; 0100100 ; Unsigned Binary                    ;
; s6             ; 0100000 ; Unsigned Binary                    ;
; s7             ; 0001111 ; Unsigned Binary                    ;
; s8             ; 0000000 ; Unsigned Binary                    ;
; s9             ; 0000100 ; Unsigned Binary                    ;
+----------------+---------+------------------------------------+
Note: In order to hide this table in the UI and the text report file, please set the "Show Parameter Settings in Synthesis Report" option in "Analysis and Synthesis Settings -> More Settings" to "Off".


+---------------------------------------------------------------+
; Parameter Settings for User Entity Instance: ssegment:segMod3 ;
+----------------+---------+------------------------------------+
; Parameter Name ; Value   ; Type                               ;
+----------------+---------+------------------------------------+
; s0             ; 0000001 ; Unsigned Binary                    ;
; s1             ; 1001111 ; Unsigned Binary                    ;
; s2             ; 0010010 ; Unsigned Binary                    ;
; s3             ; 0000110 ; Unsigned Binary                    ;
; s4             ; 1001100 ; Unsigned Binary                    ;
; s5             ; 0100100 ; Unsigned Binary                    ;
; s6             ; 0100000 ; Unsigned Binary                    ;
; s7             ; 0001111 ; Unsigned Binary                    ;
; s8             ; 0000000 ; Unsigned Binary                    ;
; s9             ; 0000100 ; Unsigned Binary                    ;
+----------------+---------+------------------------------------+
Note: In order to hide this table in the UI and the text report file, please set the "Show Parameter Settings in Synthesis Report" option in "Analysis and Synthesis Settings -> More Settings" to "Off".


+------------------------------------------------------------------------------------------------------------------------------------------------------------------------------+
; Port Connectivity Checks: "ssegment:segMod3"                                                                                                                                 ;
+---------+-------+----------+-------------------------------------------------------------------------------------------------------------------------------------------------+
; Port    ; Type  ; Severity ; Details                                                                                                                                         ;
+---------+-------+----------+-------------------------------------------------------------------------------------------------------------------------------------------------+
; data_in ; Input ; Warning  ; Input port expression (5 bits) is smaller than the input port (6 bits) it drives.  Extra input bit(s) "data_in[5..5]" will be connected to GND. ;
+---------+-------+----------+-------------------------------------------------------------------------------------------------------------------------------------------------+


+------------------------------------------------------------------------------------------------------------------------------------------------------------------------------+
; Port Connectivity Checks: "ssegment:segMod2"                                                                                                                                 ;
+---------+-------+----------+-------------------------------------------------------------------------------------------------------------------------------------------------+
; Port    ; Type  ; Severity ; Details                                                                                                                                         ;
+---------+-------+----------+-------------------------------------------------------------------------------------------------------------------------------------------------+
; data_in ; Input ; Warning  ; Input port expression (5 bits) is smaller than the input port (6 bits) it drives.  Extra input bit(s) "data_in[5..5]" will be connected to GND. ;
+---------+-------+----------+-------------------------------------------------------------------------------------------------------------------------------------------------+


+--------------------------------------------------------------------------------------------------------------------------------------------------------------------------------------------------------------------+
; Port Connectivity Checks: "draw:drawMod|dualPortMem:dpm"                                                                                                                                                           ;
+-----------+--------+----------+------------------------------------------------------------------------------------------------------------------------------------------------------------------------------------+
; Port      ; Type   ; Severity ; Details                                                                                                                                                                            ;
+-----------+--------+----------+------------------------------------------------------------------------------------------------------------------------------------------------------------------------------------+
; WE_A      ; Input  ; Warning  ; Input port expression (32 bits) is wider than the input port (1 bits) it drives.  The 31 most-significant bit(s) in the expression will be dangling if they have no other fanouts. ;
; WE_A[-1]  ; Input  ; Info     ; Stuck at VCC                                                                                                                                                                       ;
; WE_B      ; Input  ; Warning  ; Declared by entity but not connected by instance. If a default value exists, it will be used.  Otherwise, the port will be connected to GND.                                       ;
; RE_B      ; Input  ; Warning  ; Declared by entity but not connected by instance. If a default value exists, it will be used.  Otherwise, the port will be connected to GND.                                       ;
; addr_B    ; Input  ; Warning  ; Declared by entity but not connected by instance. If a default value exists, it will be used.  Otherwise, the port will be connected to GND.                                       ;
; dataIn_B  ; Input  ; Warning  ; Declared by entity but not connected by instance. If a default value exists, it will be used.  Otherwise, the port will be connected to GND.                                       ;
; dataOut_A ; Output ; Warning  ; Declared by entity but not connected by instance. Logic that only feeds a dangling port will be removed.                                                                           ;
+-----------+--------+----------+------------------------------------------------------------------------------------------------------------------------------------------------------------------------------------+


+--------------------------------------------------------------------------------------------------------------------------------------------------------------------------+
; Port Connectivity Checks: "draw:drawMod|circle:circle_1"                                                                                                                 ;
+--------+-------+----------+----------------------------------------------------------------------------------------------------------------------------------------------+
; Port   ; Type  ; Severity ; Details                                                                                                                                      ;
+--------+-------+----------+----------------------------------------------------------------------------------------------------------------------------------------------+
; WE     ; Input ; Warning  ; Declared by entity but not connected by instance. If a default value exists, it will be used.  Otherwise, the port will be connected to GND. ;
; RE     ; Input ; Warning  ; Declared by entity but not connected by instance. If a default value exists, it will be used.  Otherwise, the port will be connected to GND. ;
; wAddr  ; Input ; Warning  ; Declared by entity but not connected by instance. If a default value exists, it will be used.  Otherwise, the port will be connected to GND. ;
; dataIn ; Input ; Warning  ; Declared by entity but not connected by instance. If a default value exists, it will be used.  Otherwise, the port will be connected to GND. ;
+--------+-------+----------+----------------------------------------------------------------------------------------------------------------------------------------------+


+------------------------------------------------------------------------------------------------------------------------------------------------------------------------------------+
; Port Connectivity Checks: "draw:drawMod"                                                                                                                                           ;
+------------+-------+----------+----------------------------------------------------------------------------------------------------------------------------------------------------+
; Port       ; Type  ; Severity ; Details                                                                                                                                            ;
+------------+-------+----------+----------------------------------------------------------------------------------------------------------------------------------------------------+
; inputState ; Input ; Warning  ; Input port expression (3 bits) is smaller than the input port (4 bits) it drives.  Extra input bit(s) "inputState[3..3]" will be connected to GND. ;
+------------+-------+----------+----------------------------------------------------------------------------------------------------------------------------------------------------+


+--------------------------------------------------------------------------------------------------------------------------------------------------------------------------+
; Port Connectivity Checks: "compareCards:compMod|mem64:mr64"                                                                                                              ;
+--------+-------+----------+----------------------------------------------------------------------------------------------------------------------------------------------+
; Port   ; Type  ; Severity ; Details                                                                                                                                      ;
+--------+-------+----------+----------------------------------------------------------------------------------------------------------------------------------------------+
; WE     ; Input ; Warning  ; Declared by entity but not connected by instance. If a default value exists, it will be used.  Otherwise, the port will be connected to GND. ;
; RE     ; Input ; Warning  ; Declared by entity but not connected by instance. If a default value exists, it will be used.  Otherwise, the port will be connected to GND. ;
; wAddr  ; Input ; Warning  ; Declared by entity but not connected by instance. If a default value exists, it will be used.  Otherwise, the port will be connected to GND. ;
; dataIn ; Input ; Warning  ; Declared by entity but not connected by instance. If a default value exists, it will be used.  Otherwise, the port will be connected to GND. ;
+--------+-------+----------+----------------------------------------------------------------------------------------------------------------------------------------------+


+-------------------------------------------------------------------------------------------------------------------------------------------+
; Port Connectivity Checks: "compareCards:compMod"                                                                                          ;
+------------+--------+----------+----------------------------------------------------------------------------------------------------------+
; Port       ; Type   ; Severity ; Details                                                                                                  ;
+------------+--------+----------+----------------------------------------------------------------------------------------------------------+
; data1      ; Output ; Warning  ; Declared by entity but not connected by instance. Logic that only feeds a dangling port will be removed. ;
; data2      ; Output ; Warning  ; Declared by entity but not connected by instance. Logic that only feeds a dangling port will be removed. ;
; cardOneTwo ; Output ; Warning  ; Declared by entity but not connected by instance. Logic that only feeds a dangling port will be removed. ;
; pairsFound ; Output ; Warning  ; Declared by entity but not connected by instance. Logic that only feeds a dangling port will be removed. ;
+------------+--------+----------+----------------------------------------------------------------------------------------------------------+


+-----------------------------------------------------------------------------------------------------------------+
; Port Connectivity Checks: "arrowKeys:arrowMod"                                                                  ;
+-------+--------+----------+-------------------------------------------------------------------------------------+
; Port  ; Type   ; Severity ; Details                                                                             ;
+-------+--------+----------+-------------------------------------------------------------------------------------+
; level ; Output ; Info     ; Connected to dangling logic. Logic that only feeds a dangling port will be removed. ;
+-------+--------+----------+-------------------------------------------------------------------------------------+


+-------------------------------+
; Elapsed Time Per Partition    ;
+----------------+--------------+
; Partition Name ; Elapsed Time ;
+----------------+--------------+
; Top            ; 00:00:01     ;
+----------------+--------------+


+-------------------------------+
; Analysis & Synthesis Messages ;
+-------------------------------+
Info: *******************************************************************
Info: Running Quartus II 64-Bit Analysis & Synthesis
    Info: Version 13.1.0 Build 162 10/23/2013 SJ Web Edition
    Info: Processing started: Wed Dec 03 14:51:37 2014
Info: Command: quartus_map --read_settings_files=on --write_settings_files=off VGA -c VGA
Info (11104): Parallel Compilation has detected 8 hyper-threaded processors. However, the extra hyper-threaded processors will not be used by default. Parallel Compilation will use 4 of the 4 physical processors detected instead.
Info (12021): Found 1 design units, including 1 entities, in source file arrowkeys.sv
    Info (12023): Found entity 1: arrowKeys
Info (12021): Found 1 design units, including 1 entities, in source file draw.sv
    Info (12023): Found entity 1: draw
Info (12021): Found 1 design units, including 1 entities, in source file mem64.sv
    Info (12023): Found entity 1: mem64
Info (12021): Found 1 design units, including 1 entities, in source file comparecards.sv
    Info (12023): Found entity 1: compareCards
Info (12021): Found 1 design units, including 1 entities, in source file testcompare.sv
    Info (12023): Found entity 1: testCompare
Info (12021): Found 1 design units, including 1 entities, in source file playgametest.sv
    Info (12023): Found entity 1: playGameTets
Info (12021): Found 1 design units, including 1 entities, in source file playgame.sv
    Info (12023): Found entity 1: playGame
Info (12021): Found 1 design units, including 1 entities, in source file synch.v
    Info (12023): Found entity 1: synch
Info (12021): Found 1 design units, including 1 entities, in source file ssegment.v
    Info (12023): Found entity 1: ssegment
Info (12127): Elaborating entity "playGame" for the top level hierarchy
Info (12128): Elaborating entity "synch" for hierarchy "synch:syncMod"
Warning (12125): Using design file fsm.sv, which is not specified as a design file for the current project, but contains definitions for 1 design units and 1 entities in project
    Info (12023): Found entity 1: fsm
Info (12128): Elaborating entity "fsm" for hierarchy "fsm:fsmMod"
Info (12128): Elaborating entity "arrowKeys" for hierarchy "arrowKeys:arrowMod"
Warning (10230): Verilog HDL assignment warning at arrowKeys.sv(61): truncated value with size 32 to match size of target (6)
Warning (10230): Verilog HDL assignment warning at arrowKeys.sv(68): truncated value with size 32 to match size of target (6)
Warning (10230): Verilog HDL assignment warning at arrowKeys.sv(75): truncated value with size 32 to match size of target (6)
Warning (10230): Verilog HDL assignment warning at arrowKeys.sv(82): truncated value with size 32 to match size of target (6)
Info (10264): Verilog HDL Case Statement information at arrowKeys.sv(55): all case item expressions in this case statement are onehot
Warning (10230): Verilog HDL assignment warning at arrowKeys.sv(102): truncated value with size 32 to match size of target (2)
Warning (10230): Verilog HDL assignment warning at arrowKeys.sv(106): truncated value with size 32 to match size of target (2)
Info (10264): Verilog HDL Case Statement information at arrowKeys.sv(99): all case item expressions in this case statement are onehot
Info (12128): Elaborating entity "compareCards" for hierarchy "compareCards:compMod"
Info (12128): Elaborating entity "mem64" for hierarchy "compareCards:compMod|mem64:mr64"
Info (12128): Elaborating entity "draw" for hierarchy "draw:drawMod"
Warning (10230): Verilog HDL assignment warning at draw.sv(42): truncated value with size 32 to match size of target (17)
Warning (10230): Verilog HDL assignment warning at draw.sv(43): truncated value with size 32 to match size of target (8)
Warning (10230): Verilog HDL assignment warning at draw.sv(66): truncated value with size 32 to match size of target (8)
Warning (12125): Using design file circle.sv, which is not specified as a design file for the current project, but contains definitions for 1 design units and 1 entities in project
    Info (12023): Found entity 1: circle
Info (12128): Elaborating entity "circle" for hierarchy "draw:drawMod|circle:circle_1"
Warning (10850): Verilog HDL warning at circle.sv(22): number of words (320) in memory file does not match the number of elements in the address range [0:511]
Warning (12125): Using design file dualportmem.sv, which is not specified as a design file for the current project, but contains definitions for 1 design units and 1 entities in project
    Info (12023): Found entity 1: dualPortMem
Info (12128): Elaborating entity "dualPortMem" for hierarchy "draw:drawMod|dualPortMem:dpm"
Warning (10850): Verilog HDL warning at dualportmem.sv(20): number of words (783) in memory file does not match the number of elements in the address range [0:131071]
Info (12128): Elaborating entity "ssegment" for hierarchy "ssegment:segMod1"
Info (276014): Found 1 instances of uninferred RAM logic
    Info (276004): RAM logic "compareCards:compMod|mem64:mr64|ram" is uninferred due to inappropriate RAM size
Warning (12241): 7 hierarchies have connectivity warnings - see the Connectivity Checks report folder
Warning (13024): Output pins are stuck at VCC or GND
    Warning (13410): Pin "rgb[0]" is stuck at GND
    Warning (13410): Pin "rgb[1]" is stuck at GND
    Warning (13410): Pin "rgb[2]" is stuck at GND
    Warning (13410): Pin "seg2[5]" is stuck at GND
    Warning (13410): Pin "seg3[0]" is stuck at VCC
    Warning (13410): Pin "seg3[1]" is stuck at GND
    Warning (13410): Pin "seg3[2]" is stuck at GND
    Warning (13410): Pin "seg3[3]" is stuck at GND
    Warning (13410): Pin "seg3[4]" is stuck at GND
    Warning (13410): Pin "seg3[5]" is stuck at GND
    Warning (13410): Pin "seg3[6]" is stuck at GND
    Warning (13410): Pin "seg4[0]" is stuck at VCC
    Warning (13410): Pin "seg4[1]" is stuck at GND
    Warning (13410): Pin "seg4[2]" is stuck at GND
    Warning (13410): Pin "seg4[3]" is stuck at GND
    Warning (13410): Pin "seg4[4]" is stuck at GND
    Warning (13410): Pin "seg4[5]" is stuck at GND
    Warning (13410): Pin "seg4[6]" is stuck at GND
    Warning (13410): Pin "seg5[0]" is stuck at VCC
    Warning (13410): Pin "seg5[1]" is stuck at GND
    Warning (13410): Pin "seg5[2]" is stuck at GND
    Warning (13410): Pin "seg5[3]" is stuck at GND
    Warning (13410): Pin "seg5[4]" is stuck at GND
    Warning (13410): Pin "seg5[5]" is stuck at GND
    Warning (13410): Pin "seg5[6]" is stuck at GND
    Warning (13410): Pin "seg6[0]" is stuck at VCC
    Warning (13410): Pin "seg6[1]" is stuck at GND
    Warning (13410): Pin "seg6[2]" is stuck at GND
    Warning (13410): Pin "seg6[3]" is stuck at GND
    Warning (13410): Pin "seg6[4]" is stuck at GND
    Warning (13410): Pin "seg6[5]" is stuck at GND
    Warning (13410): Pin "seg6[6]" is stuck at GND
Info (286030): Timing-Driven Synthesis is running
Info (17049): 23 registers lost all their fanouts during netlist optimizations.
Info (16010): Generating hard_block partition "hard_block:auto_generated_inst"
    Info (16011): Adding 0 node(s), including 0 DDIO, 0 PLL, 0 transceiver and 0 LCELL
Info (21057): Implemented 252 device resources after synthesis - the final resource count might be different
    Info (21058): Implemented 6 input pins
    Info (21059): Implemented 45 output pins
    Info (21061): Implemented 201 logic cells
Info: Quartus II 64-Bit Analysis & Synthesis was successful. 0 errors, 48 warnings
    Info: Peak virtual memory: 498 megabytes
    Info: Processing ended: Wed Dec 03 14:51:40 2014
    Info: Elapsed time: 00:00:03
    Info: Total CPU time (on all processors): 00:00:02


