------------------------------------------------------------
TimeQuest Timing Analyzer Summary
------------------------------------------------------------

Type  : Slow 1200mV 85C Model Setup 'clock'
Slack : -5.645
TNS   : -950.043

Type  : Slow 1200mV 85C Model Setup 'clockdiv:cd|clkstate'
Slack : -1.897
TNS   : -34.186

Type  : Slow 1200mV 85C Model Hold 'clockdiv:cd|clkstate'
Slack : 0.079
TNS   : 0.000

Type  : Slow 1200mV 85C Model Hold 'clock'
Slack : 0.298
TNS   : 0.000

Type  : Slow 1200mV 85C Model Minimum Pulse Width 'clock'
Slack : -3.000
TNS   : -672.626

Type  : Slow 1200mV 85C Model Minimum Pulse Width 'clockdiv:cd|clkstate'
Slack : -1.000
TNS   : -25.000

Type  : Slow 1200mV 0C Model Setup 'clock'
Slack : -4.941
TNS   : -813.397

Type  : Slow 1200mV 0C Model Setup 'clockdiv:cd|clkstate'
Slack : -1.618
TNS   : -28.166

Type  : Slow 1200mV 0C Model Hold 'clockdiv:cd|clkstate'
Slack : 0.097
TNS   : 0.000

Type  : Slow 1200mV 0C Model Hold 'clock'
Slack : 0.280
TNS   : 0.000

Type  : Slow 1200mV 0C Model Minimum Pulse Width 'clock'
Slack : -3.000
TNS   : -672.626

Type  : Slow 1200mV 0C Model Minimum Pulse Width 'clockdiv:cd|clkstate'
Slack : -1.000
TNS   : -25.000

Type  : Fast 1200mV 0C Model Setup 'clock'
Slack : -2.624
TNS   : -405.882

Type  : Fast 1200mV 0C Model Setup 'clockdiv:cd|clkstate'
Slack : -0.682
TNS   : -9.747

Type  : Fast 1200mV 0C Model Hold 'clockdiv:cd|clkstate'
Slack : -0.099
TNS   : -0.133

Type  : Fast 1200mV 0C Model Hold 'clock'
Slack : 0.132
TNS   : 0.000

Type  : Fast 1200mV 0C Model Minimum Pulse Width 'clock'
Slack : -3.000
TNS   : -476.005

Type  : Fast 1200mV 0C Model Minimum Pulse Width 'clockdiv:cd|clkstate'
Slack : -1.000
TNS   : -25.000

------------------------------------------------------------
